  Determining projects to restore...
  All projects are up-to-date for restore.
  MCTwin.Shared -> C:\Users\bartt\.gemini\antigravity\scratch\MCTwinStudio\MCTwin.Shared\bin\Debug\net9.0\MCTwin.Shared.dll
C:\Program Files\dotnet\sdk\9.0.309\Microsoft.Common.CurrentVersion.targets(2433,5): warning MSB3277: Found conflicts between different versions of "WindowsBase" that could not be resolved. [C:\Users\bartt\.gemini\antigravity\scratch\MCTwinStudio\MCTwin.Engine.WinForms\MCTwin.Engine.WinForms.csproj]
C:\Program Files\dotnet\sdk\9.0.309\Microsoft.Common.CurrentVersion.targets(2433,5): warning MSB3277: There was a conflict between "WindowsBase, Version=4.0.0.0, Culture=neutral, PublicKeyToken=31bf3856ad364e35" and "WindowsBase, Version=5.0.0.0, Culture=neutral, PublicKeyToken=31bf3856ad364e35". [C:\Users\bartt\.gemini\antigravity\scratch\MCTwinStudio\MCTwin.Engine.WinForms\MCTwin.Engine.WinForms.csproj]
C:\Program Files\dotnet\sdk\9.0.309\Microsoft.Common.CurrentVersion.targets(2433,5): warning MSB3277:     "WindowsBase, Version=4.0.0.0, Culture=neutral, PublicKeyToken=31bf3856ad364e35" was chosen because it was primary and "WindowsBase, Version=5.0.0.0, Culture=neutral, PublicKeyToken=31bf3856ad364e35" was not. [C:\Users\bartt\.gemini\antigravity\scratch\MCTwinStudio\MCTwin.Engine.WinForms\MCTwin.Engine.WinForms.csproj]
C:\Program Files\dotnet\sdk\9.0.309\Microsoft.Common.CurrentVersion.targets(2433,5): warning MSB3277:     References which depend on "WindowsBase, Version=4.0.0.0, Culture=neutral, PublicKeyToken=31bf3856ad364e35" [C:\Program Files\dotnet\packs\Microsoft.NETCore.App.Ref\9.0.12\ref\net9.0\WindowsBase.dll]. [C:\Users\bartt\.gemini\antigravity\scratch\MCTwinStudio\MCTwin.Engine.WinForms\MCTwin.Engine.WinForms.csproj]
C:\Program Files\dotnet\sdk\9.0.309\Microsoft.Common.CurrentVersion.targets(2433,5): warning MSB3277:         C:\Program Files\dotnet\packs\Microsoft.NETCore.App.Ref\9.0.12\ref\net9.0\WindowsBase.dll [C:\Users\bartt\.gemini\antigravity\scratch\MCTwinStudio\MCTwin.Engine.WinForms\MCTwin.Engine.WinForms.csproj]
C:\Program Files\dotnet\sdk\9.0.309\Microsoft.Common.CurrentVersion.targets(2433,5): warning MSB3277:           Project file item includes which caused reference "C:\Program Files\dotnet\packs\Microsoft.NETCore.App.Ref\9.0.12\ref\net9.0\WindowsBase.dll". [C:\Users\bartt\.gemini\antigravity\scratch\MCTwinStudio\MCTwin.Engine.WinForms\MCTwin.Engine.WinForms.csproj]
C:\Program Files\dotnet\sdk\9.0.309\Microsoft.Common.CurrentVersion.targets(2433,5): warning MSB3277:             C:\Program Files\dotnet\packs\Microsoft.NETCore.App.Ref\9.0.12\ref/net9.0/WindowsBase.dll [C:\Users\bartt\.gemini\antigravity\scratch\MCTwinStudio\MCTwin.Engine.WinForms\MCTwin.Engine.WinForms.csproj]
C:\Program Files\dotnet\sdk\9.0.309\Microsoft.Common.CurrentVersion.targets(2433,5): warning MSB3277:     References which depend on or have been unified to "WindowsBase, Version=5.0.0.0, Culture=neutral, PublicKeyToken=31bf3856ad364e35" []. [C:\Users\bartt\.gemini\antigravity\scratch\MCTwinStudio\MCTwin.Engine.WinForms\MCTwin.Engine.WinForms.csproj]
C:\Program Files\dotnet\sdk\9.0.309\Microsoft.Common.CurrentVersion.targets(2433,5): warning MSB3277:         C:\Users\bartt\.nuget\packages\microsoft.web.webview2\1.0.3650.58\lib_manual\net5.0-windows10.0.17763.0\Microsoft.Web.WebView2.Wpf.dll [C:\Users\bartt\.gemini\antigravity\scratch\MCTwinStudio\MCTwin.Engine.WinForms\MCTwin.Engine.WinForms.csproj]
C:\Program Files\dotnet\sdk\9.0.309\Microsoft.Common.CurrentVersion.targets(2433,5): warning MSB3277:           Project file item includes which caused reference "C:\Users\bartt\.nuget\packages\microsoft.web.webview2\1.0.3650.58\lib_manual\net5.0-windows10.0.17763.0\Microsoft.Web.WebView2.Wpf.dll". [C:\Users\bartt\.gemini\antigravity\scratch\MCTwinStudio\MCTwin.Engine.WinForms\MCTwin.Engine.WinForms.csproj]
C:\Program Files\dotnet\sdk\9.0.309\Microsoft.Common.CurrentVersion.targets(2433,5): warning MSB3277:             C:\Users\bartt\.nuget\packages\microsoft.web.webview2\1.0.3650.58\buildTransitive\..\\lib_manual\net5.0-windows10.0.17763.0\Microsoft.Web.WebView2.Wpf.dll [C:\Users\bartt\.gemini\antigravity\scratch\MCTwinStudio\MCTwin.Engine.WinForms\MCTwin.Engine.WinForms.csproj]
  MCTwin.Engine.WinForms -> C:\Users\bartt\.gemini\antigravity\scratch\MCTwinStudio\MCTwin.Engine.WinForms\bin\Debug\net9.0-windows\MCTwin.Engine.WinForms.dll
C:\Program Files\dotnet\sdk\9.0.309\Microsoft.Common.CurrentVersion.targets(2433,5): warning MSB3277: Found conflicts between different versions of "WindowsBase" that could not be resolved. [C:\Users\bartt\.gemini\antigravity\scratch\MCTwinStudio\MCTwinStudio.csproj]
C:\Program Files\dotnet\sdk\9.0.309\Microsoft.Common.CurrentVersion.targets(2433,5): warning MSB3277: There was a conflict between "WindowsBase, Version=4.0.0.0, Culture=neutral, PublicKeyToken=31bf3856ad364e35" and "WindowsBase, Version=5.0.0.0, Culture=neutral, PublicKeyToken=31bf3856ad364e35". [C:\Users\bartt\.gemini\antigravity\scratch\MCTwinStudio\MCTwinStudio.csproj]
C:\Program Files\dotnet\sdk\9.0.309\Microsoft.Common.CurrentVersion.targets(2433,5): warning MSB3277:     "WindowsBase, Version=4.0.0.0, Culture=neutral, PublicKeyToken=31bf3856ad364e35" was chosen because it was primary and "WindowsBase, Version=5.0.0.0, Culture=neutral, PublicKeyToken=31bf3856ad364e35" was not. [C:\Users\bartt\.gemini\antigravity\scratch\MCTwinStudio\MCTwinStudio.csproj]
C:\Program Files\dotnet\sdk\9.0.309\Microsoft.Common.CurrentVersion.targets(2433,5): warning MSB3277:     References which depend on "WindowsBase, Version=4.0.0.0, Culture=neutral, PublicKeyToken=31bf3856ad364e35" [C:\Program Files\dotnet\packs\Microsoft.NETCore.App.Ref\9.0.12\ref\net9.0\WindowsBase.dll]. [C:\Users\bartt\.gemini\antigravity\scratch\MCTwinStudio\MCTwinStudio.csproj]
C:\Program Files\dotnet\sdk\9.0.309\Microsoft.Common.CurrentVersion.targets(2433,5): warning MSB3277:         C:\Program Files\dotnet\packs\Microsoft.NETCore.App.Ref\9.0.12\ref\net9.0\WindowsBase.dll [C:\Users\bartt\.gemini\antigravity\scratch\MCTwinStudio\MCTwinStudio.csproj]
C:\Program Files\dotnet\sdk\9.0.309\Microsoft.Common.CurrentVersion.targets(2433,5): warning MSB3277:           Project file item includes which caused reference "C:\Program Files\dotnet\packs\Microsoft.NETCore.App.Ref\9.0.12\ref\net9.0\WindowsBase.dll". [C:\Users\bartt\.gemini\antigravity\scratch\MCTwinStudio\MCTwinStudio.csproj]
C:\Program Files\dotnet\sdk\9.0.309\Microsoft.Common.CurrentVersion.targets(2433,5): warning MSB3277:             C:\Program Files\dotnet\packs\Microsoft.NETCore.App.Ref\9.0.12\ref/net9.0/WindowsBase.dll [C:\Users\bartt\.gemini\antigravity\scratch\MCTwinStudio\MCTwinStudio.csproj]
C:\Program Files\dotnet\sdk\9.0.309\Microsoft.Common.CurrentVersion.targets(2433,5): warning MSB3277:     References which depend on or have been unified to "WindowsBase, Version=5.0.0.0, Culture=neutral, PublicKeyToken=31bf3856ad364e35" []. [C:\Users\bartt\.gemini\antigravity\scratch\MCTwinStudio\MCTwinStudio.csproj]
C:\Program Files\dotnet\sdk\9.0.309\Microsoft.Common.CurrentVersion.targets(2433,5): warning MSB3277:         C:\Users\bartt\.nuget\packages\microsoft.web.webview2\1.0.3650.58\lib_manual\net5.0-windows10.0.17763.0\Microsoft.Web.WebView2.Wpf.dll [C:\Users\bartt\.gemini\antigravity\scratch\MCTwinStudio\MCTwinStudio.csproj]
C:\Program Files\dotnet\sdk\9.0.309\Microsoft.Common.CurrentVersion.targets(2433,5): warning MSB3277:           Project file item includes which caused reference "C:\Users\bartt\.nuget\packages\microsoft.web.webview2\1.0.3650.58\lib_manual\net5.0-windows10.0.17763.0\Microsoft.Web.WebView2.Wpf.dll". [C:\Users\bartt\.gemini\antigravity\scratch\MCTwinStudio\MCTwinStudio.csproj]
C:\Program Files\dotnet\sdk\9.0.309\Microsoft.Common.CurrentVersion.targets(2433,5): warning MSB3277:             C:\Users\bartt\.nuget\packages\microsoft.web.webview2\1.0.3650.58\buildTransitive\..\\lib_manual\net5.0-windows10.0.17763.0\Microsoft.Web.WebView2.Wpf.dll [C:\Users\bartt\.gemini\antigravity\scratch\MCTwinStudio\MCTwinStudio.csproj]
  MCTwinStudio -> C:\Users\bartt\.gemini\antigravity\scratch\MCTwinStudio\bin\Debug\net9.0-windows\MCTwinStudio.dll
C:\Users\bartt\.gemini\antigravity\scratch\MCTwinStudio\MCTwin.Web\Services\WebAssetService.cs(32,35): warning CS1998: This async method lacks 'await' operators and will run synchronously. Consider using the 'await' operator to await non-blocking API calls, or 'await Task.Run(...)' to do CPU-bound work on a background thread. [C:\Users\bartt\.gemini\antigravity\scratch\MCTwinStudio\MCTwin.Web\MCTwin.Web.csproj]
C:\Users\bartt\.gemini\antigravity\scratch\MCTwinStudio\MCTwin.Web\Services\WebAssetService.cs(53,37): warning CS1998: This async method lacks 'await' operators and will run synchronously. Consider using the 'await' operator to await non-blocking API calls, or 'await Task.Run(...)' to do CPU-bound work on a background thread. [C:\Users\bartt\.gemini\antigravity\scratch\MCTwinStudio\MCTwin.Web\MCTwin.Web.csproj]
  MCTwin.Web -> C:\Users\bartt\.gemini\antigravity\scratch\MCTwinStudio\MCTwin.Web\bin\Debug\net9.0\MCTwin.Web.dll
  MCTwin.Web (Blazor output) -> C:\Users\bartt\.gemini\antigravity\scratch\MCTwinStudio\MCTwin.Web\bin\Debug\net9.0\wwwroot

Build succeeded.

C:\Program Files\dotnet\sdk\9.0.309\Microsoft.Common.CurrentVersion.targets(2433,5): warning MSB3277: Found conflicts between different versions of "WindowsBase" that could not be resolved. [C:\Users\bartt\.gemini\antigravity\scratch\MCTwinStudio\MCTwin.Engine.WinForms\MCTwin.Engine.WinForms.csproj]
C:\Program Files\dotnet\sdk\9.0.309\Microsoft.Common.CurrentVersion.targets(2433,5): warning MSB3277: There was a conflict between "WindowsBase, Version=4.0.0.0, Culture=neutral, PublicKeyToken=31bf3856ad364e35" and "WindowsBase, Version=5.0.0.0, Culture=neutral, PublicKeyToken=31bf3856ad364e35". [C:\Users\bartt\.gemini\antigravity\scratch\MCTwinStudio\MCTwin.Engine.WinForms\MCTwin.Engine.WinForms.csproj]
C:\Program Files\dotnet\sdk\9.0.309\Microsoft.Common.CurrentVersion.targets(2433,5): warning MSB3277:     "WindowsBase, Version=4.0.0.0, Culture=neutral, PublicKeyToken=31bf3856ad364e35" was chosen because it was primary and "WindowsBase, Version=5.0.0.0, Culture=neutral, PublicKeyToken=31bf3856ad364e35" was not. [C:\Users\bartt\.gemini\antigravity\scratch\MCTwinStudio\MCTwin.Engine.WinForms\MCTwin.Engine.WinForms.csproj]
C:\Program Files\dotnet\sdk\9.0.309\Microsoft.Common.CurrentVersion.targets(2433,5): warning MSB3277:     References which depend on "WindowsBase, Version=4.0.0.0, Culture=neutral, PublicKeyToken=31bf3856ad364e35" [C:\Program Files\dotnet\packs\Microsoft.NETCore.App.Ref\9.0.12\ref\net9.0\WindowsBase.dll]. [C:\Users\bartt\.gemini\antigravity\scratch\MCTwinStudio\MCTwin.Engine.WinForms\MCTwin.Engine.WinForms.csproj]
C:\Program Files\dotnet\sdk\9.0.309\Microsoft.Common.CurrentVersion.targets(2433,5): warning MSB3277:         C:\Program Files\dotnet\packs\Microsoft.NETCore.App.Ref\9.0.12\ref\net9.0\WindowsBase.dll [C:\Users\bartt\.gemini\antigravity\scratch\MCTwinStudio\MCTwin.Engine.WinForms\MCTwin.Engine.WinForms.csproj]
C:\Program Files\dotnet\sdk\9.0.309\Microsoft.Common.CurrentVersion.targets(2433,5): warning MSB3277:           Project file item includes which caused reference "C:\Program Files\dotnet\packs\Microsoft.NETCore.App.Ref\9.0.12\ref\net9.0\WindowsBase.dll". [C:\Users\bartt\.gemini\antigravity\scratch\MCTwinStudio\MCTwin.Engine.WinForms\MCTwin.Engine.WinForms.csproj]
C:\Program Files\dotnet\sdk\9.0.309\Microsoft.Common.CurrentVersion.targets(2433,5): warning MSB3277:             C:\Program Files\dotnet\packs\Microsoft.NETCore.App.Ref\9.0.12\ref/net9.0/WindowsBase.dll [C:\Users\bartt\.gemini\antigravity\scratch\MCTwinStudio\MCTwin.Engine.WinForms\MCTwin.Engine.WinForms.csproj]
C:\Program Files\dotnet\sdk\9.0.309\Microsoft.Common.CurrentVersion.targets(2433,5): warning MSB3277:     References which depend on or have been unified to "WindowsBase, Version=5.0.0.0, Culture=neutral, PublicKeyToken=31bf3856ad364e35" []. [C:\Users\bartt\.gemini\antigravity\scratch\MCTwinStudio\MCTwin.Engine.WinForms\MCTwin.Engine.WinForms.csproj]
C:\Program Files\dotnet\sdk\9.0.309\Microsoft.Common.CurrentVersion.targets(2433,5): warning MSB3277:         C:\Users\bartt\.nuget\packages\microsoft.web.webview2\1.0.3650.58\lib_manual\net5.0-windows10.0.17763.0\Microsoft.Web.WebView2.Wpf.dll [C:\Users\bartt\.gemini\antigravity\scratch\MCTwinStudio\MCTwin.Engine.WinForms\MCTwin.Engine.WinForms.csproj]
C:\Program Files\dotnet\sdk\9.0.309\Microsoft.Common.CurrentVersion.targets(2433,5): warning MSB3277:           Project file item includes which caused reference "C:\Users\bartt\.nuget\packages\microsoft.web.webview2\1.0.3650.58\lib_manual\net5.0-windows10.0.17763.0\Microsoft.Web.WebView2.Wpf.dll". [C:\Users\bartt\.gemini\antigravity\scratch\MCTwinStudio\MCTwin.Engine.WinForms\MCTwin.Engine.WinForms.csproj]
C:\Program Files\dotnet\sdk\9.0.309\Microsoft.Common.CurrentVersion.targets(2433,5): warning MSB3277:             C:\Users\bartt\.nuget\packages\microsoft.web.webview2\1.0.3650.58\buildTransitive\..\\lib_manual\net5.0-windows10.0.17763.0\Microsoft.Web.WebView2.Wpf.dll [C:\Users\bartt\.gemini\antigravity\scratch\MCTwinStudio\MCTwin.Engine.WinForms\MCTwin.Engine.WinForms.csproj]
C:\Program Files\dotnet\sdk\9.0.309\Microsoft.Common.CurrentVersion.targets(2433,5): warning MSB3277: Found conflicts between different versions of "WindowsBase" that could not be resolved. [C:\Users\bartt\.gemini\antigravity\scratch\MCTwinStudio\MCTwinStudio.csproj]
C:\Program Files\dotnet\sdk\9.0.309\Microsoft.Common.CurrentVersion.targets(2433,5): warning MSB3277: There was a conflict between "WindowsBase, Version=4.0.0.0, Culture=neutral, PublicKeyToken=31bf3856ad364e35" and "WindowsBase, Version=5.0.0.0, Culture=neutral, PublicKeyToken=31bf3856ad364e35". [C:\Users\bartt\.gemini\antigravity\scratch\MCTwinStudio\MCTwinStudio.csproj]
C:\Program Files\dotnet\sdk\9.0.309\Microsoft.Common.CurrentVersion.targets(2433,5): warning MSB3277:     "WindowsBase, Version=4.0.0.0, Culture=neutral, PublicKeyToken=31bf3856ad364e35" was chosen because it was primary and "WindowsBase, Version=5.0.0.0, Culture=neutral, PublicKeyToken=31bf3856ad364e35" was not. [C:\Users\bartt\.gemini\antigravity\scratch\MCTwinStudio\MCTwinStudio.csproj]
C:\Program Files\dotnet\sdk\9.0.309\Microsoft.Common.CurrentVersion.targets(2433,5): warning MSB3277:     References which depend on "WindowsBase, Version=4.0.0.0, Culture=neutral, PublicKeyToken=31bf3856ad364e35" [C:\Program Files\dotnet\packs\Microsoft.NETCore.App.Ref\9.0.12\ref\net9.0\WindowsBase.dll]. [C:\Users\bartt\.gemini\antigravity\scratch\MCTwinStudio\MCTwinStudio.csproj]
C:\Program Files\dotnet\sdk\9.0.309\Microsoft.Common.CurrentVersion.targets(2433,5): warning MSB3277:         C:\Program Files\dotnet\packs\Microsoft.NETCore.App.Ref\9.0.12\ref\net9.0\WindowsBase.dll [C:\Users\bartt\.gemini\antigravity\scratch\MCTwinStudio\MCTwinStudio.csproj]
C:\Program Files\dotnet\sdk\9.0.309\Microsoft.Common.CurrentVersion.targets(2433,5): warning MSB3277:           Project file item includes which caused reference "C:\Program Files\dotnet\packs\Microsoft.NETCore.App.Ref\9.0.12\ref\net9.0\WindowsBase.dll". [C:\Users\bartt\.gemini\antigravity\scratch\MCTwinStudio\MCTwinStudio.csproj]
C:\Program Files\dotnet\sdk\9.0.309\Microsoft.Common.CurrentVersion.targets(2433,5): warning MSB3277:             C:\Program Files\dotnet\packs\Microsoft.NETCore.App.Ref\9.0.12\ref/net9.0/WindowsBase.dll [C:\Users\bartt\.gemini\antigravity\scratch\MCTwinStudio\MCTwinStudio.csproj]
C:\Program Files\dotnet\sdk\9.0.309\Microsoft.Common.CurrentVersion.targets(2433,5): warning MSB3277:     References which depend on or have been unified to "WindowsBase, Version=5.0.0.0, Culture=neutral, PublicKeyToken=31bf3856ad364e35" []. [C:\Users\bartt\.gemini\antigravity\scratch\MCTwinStudio\MCTwinStudio.csproj]
C:\Program Files\dotnet\sdk\9.0.309\Microsoft.Common.CurrentVersion.targets(2433,5): warning MSB3277:         C:\Users\bartt\.nuget\packages\microsoft.web.webview2\1.0.3650.58\lib_manual\net5.0-windows10.0.17763.0\Microsoft.Web.WebView2.Wpf.dll [C:\Users\bartt\.gemini\antigravity\scratch\MCTwinStudio\MCTwinStudio.csproj]
C:\Program Files\dotnet\sdk\9.0.309\Microsoft.Common.CurrentVersion.targets(2433,5): warning MSB3277:           Project file item includes which caused reference "C:\Users\bartt\.nuget\packages\microsoft.web.webview2\1.0.3650.58\lib_manual\net5.0-windows10.0.17763.0\Microsoft.Web.WebView2.Wpf.dll". [C:\Users\bartt\.gemini\antigravity\scratch\MCTwinStudio\MCTwinStudio.csproj]
C:\Program Files\dotnet\sdk\9.0.309\Microsoft.Common.CurrentVersion.targets(2433,5): warning MSB3277:             C:\Users\bartt\.nuget\packages\microsoft.web.webview2\1.0.3650.58\buildTransitive\..\\lib_manual\net5.0-windows10.0.17763.0\Microsoft.Web.WebView2.Wpf.dll [C:\Users\bartt\.gemini\antigravity\scratch\MCTwinStudio\MCTwinStudio.csproj]
C:\Users\bartt\.gemini\antigravity\scratch\MCTwinStudio\MCTwin.Web\Services\WebAssetService.cs(32,35): warning CS1998: This async method lacks 'await' operators and will run synchronously. Consider using the 'await' operator to await non-blocking API calls, or 'await Task.Run(...)' to do CPU-bound work on a background thread. [C:\Users\bartt\.gemini\antigravity\scratch\MCTwinStudio\MCTwin.Web\MCTwin.Web.csproj]
C:\Users\bartt\.gemini\antigravity\scratch\MCTwinStudio\MCTwin.Web\Services\WebAssetService.cs(53,37): warning CS1998: This async method lacks 'await' operators and will run synchronously. Consider using the 'await' operator to await non-blocking API calls, or 'await Task.Run(...)' to do CPU-bound work on a background thread. [C:\Users\bartt\.gemini\antigravity\scratch\MCTwinStudio\MCTwin.Web\MCTwin.Web.csproj]
    4 Warning(s)
    0 Error(s)

Time Elapsed 00:00:01.55

Workload updates are available. Run `dotnet workload list` for more information.
