  Determining projects to restore...
  All projects are up-to-date for restore.
  MCTwin.Shared -> C:\Users\bartt\.gemini\antigravity\scratch\MCTwinStudio\MCTwin.Shared\bin\Debug\net9.0\MCTwin.Shared.dll
  SalesServer -> C:\Users\bartt\.gemini\antigravity\scratch\MCTwinStudio\SalesProcessingTwin\SalesServer\bin\Debug\net9.0\SalesServer.dll
C:\Program Files\dotnet\sdk\9.0.309\Microsoft.Common.CurrentVersion.targets(2433,5): warning MSB3277: Found conflicts between different versions of "WindowsBase" that could not be resolved. [C:\Users\bartt\.gemini\antigravity\scratch\MCTwinStudio\MCTwin.Engine.WinForms\MCTwin.Engine.WinForms.csproj]
C:\Program Files\dotnet\sdk\9.0.309\Microsoft.Common.CurrentVersion.targets(2433,5): warning MSB3277: There was a conflict between "WindowsBase, Version=4.0.0.0, Culture=neutral, PublicKeyToken=31bf3856ad364e35" and "WindowsBase, Version=5.0.0.0, Culture=neutral, PublicKeyToken=31bf3856ad364e35". [C:\Users\bartt\.gemini\antigravity\scratch\MCTwinStudio\MCTwin.Engine.WinForms\MCTwin.Engine.WinForms.csproj]
C:\Program Files\dotnet\sdk\9.0.309\Microsoft.Common.CurrentVersion.targets(2433,5): warning MSB3277:     "WindowsBase, Version=4.0.0.0, Culture=neutral, PublicKeyToken=31bf3856ad364e35" was chosen because it was primary and "WindowsBase, Version=5.0.0.0, Culture=neutral, PublicKeyToken=31bf3856ad364e35" was not. [C:\Users\bartt\.gemini\antigravity\scratch\MCTwinStudio\MCTwin.Engine.WinForms\MCTwin.Engine.WinForms.csproj]
C:\Program Files\dotnet\sdk\9.0.309\Microsoft.Common.CurrentVersion.targets(2433,5): warning MSB3277:     References which depend on "WindowsBase, Version=4.0.0.0, Culture=neutral, PublicKeyToken=31bf3856ad364e35" [C:\Program Files\dotnet\packs\Microsoft.NETCore.App.Ref\9.0.12\ref\net9.0\WindowsBase.dll]. [C:\Users\bartt\.gemini\antigravity\scratch\MCTwinStudio\MCTwin.Engine.WinForms\MCTwin.Engine.WinForms.csproj]
C:\Program Files\dotnet\sdk\9.0.309\Microsoft.Common.CurrentVersion.targets(2433,5): warning MSB3277:         C:\Program Files\dotnet\packs\Microsoft.NETCore.App.Ref\9.0.12\ref\net9.0\WindowsBase.dll [C:\Users\bartt\.gemini\antigravity\scratch\MCTwinStudio\MCTwin.Engine.WinForms\MCTwin.Engine.WinForms.csproj]
C:\Program Files\dotnet\sdk\9.0.309\Microsoft.Common.CurrentVersion.targets(2433,5): warning MSB3277:           Project file item includes which caused reference "C:\Program Files\dotnet\packs\Microsoft.NETCore.App.Ref\9.0.12\ref\net9.0\WindowsBase.dll". [C:\Users\bartt\.gemini\antigravity\scratch\MCTwinStudio\MCTwin.Engine.WinForms\MCTwin.Engine.WinForms.csproj]
C:\Program Files\dotnet\sdk\9.0.309\Microsoft.Common.CurrentVersion.targets(2433,5): warning MSB3277:             C:\Program Files\dotnet\packs\Microsoft.NETCore.App.Ref\9.0.12\ref/net9.0/WindowsBase.dll [C:\Users\bartt\.gemini\antigravity\scratch\MCTwinStudio\MCTwin.Engine.WinForms\MCTwin.Engine.WinForms.csproj]
C:\Program Files\dotnet\sdk\9.0.309\Microsoft.Common.CurrentVersion.targets(2433,5): warning MSB3277:     References which depend on or have been unified to "WindowsBase, Version=5.0.0.0, Culture=neutral, PublicKeyToken=31bf3856ad364e35" []. [C:\Users\bartt\.gemini\antigravity\scratch\MCTwinStudio\MCTwin.Engine.WinForms\MCTwin.Engine.WinForms.csproj]
C:\Program Files\dotnet\sdk\9.0.309\Microsoft.Common.CurrentVersion.targets(2433,5): warning MSB3277:         C:\Users\bartt\.nuget\packages\microsoft.web.webview2\1.0.3650.58\lib_manual\net5.0-windows10.0.17763.0\Microsoft.Web.WebView2.Wpf.dll [C:\Users\bartt\.gemini\antigravity\scratch\MCTwinStudio\MCTwin.Engine.WinForms\MCTwin.Engine.WinForms.csproj]
C:\Program Files\dotnet\sdk\9.0.309\Microsoft.Common.CurrentVersion.targets(2433,5): warning MSB3277:           Project file item includes which caused reference "C:\Users\bartt\.nuget\packages\microsoft.web.webview2\1.0.3650.58\lib_manual\net5.0-windows10.0.17763.0\Microsoft.Web.WebView2.Wpf.dll". [C:\Users\bartt\.gemini\antigravity\scratch\MCTwinStudio\MCTwin.Engine.WinForms\MCTwin.Engine.WinForms.csproj]
C:\Program Files\dotnet\sdk\9.0.309\Microsoft.Common.CurrentVersion.targets(2433,5): warning MSB3277:             C:\Users\bartt\.nuget\packages\microsoft.web.webview2\1.0.3650.58\buildTransitive\..\\lib_manual\net5.0-windows10.0.17763.0\Microsoft.Web.WebView2.Wpf.dll [C:\Users\bartt\.gemini\antigravity\scratch\MCTwinStudio\MCTwin.Engine.WinForms\MCTwin.Engine.WinForms.csproj]
  InventoryServer -> C:\Users\bartt\.gemini\antigravity\scratch\MCTwinStudio\InventoryTwin\InventoryServer\bin\Debug\net9.0\InventoryServer.dll
  MCTwin.Engine.WinForms -> C:\Users\bartt\.gemini\antigravity\scratch\MCTwinStudio\MCTwin.Engine.WinForms\bin\Debug\net9.0-windows\MCTwin.Engine.WinForms.dll
C:\Program Files\dotnet\sdk\9.0.309\Microsoft.Common.CurrentVersion.targets(2433,5): warning MSB3277: Found conflicts between different versions of "WindowsBase" that could not be resolved. [C:\Users\bartt\.gemini\antigravity\scratch\MCTwinStudio\MCTwinStudio.csproj]
C:\Program Files\dotnet\sdk\9.0.309\Microsoft.Common.CurrentVersion.targets(2433,5): warning MSB3277: There was a conflict between "WindowsBase, Version=4.0.0.0, Culture=neutral, PublicKeyToken=31bf3856ad364e35" and "WindowsBase, Version=5.0.0.0, Culture=neutral, PublicKeyToken=31bf3856ad364e35". [C:\Users\bartt\.gemini\antigravity\scratch\MCTwinStudio\MCTwinStudio.csproj]
C:\Program Files\dotnet\sdk\9.0.309\Microsoft.Common.CurrentVersion.targets(2433,5): warning MSB3277:     "WindowsBase, Version=4.0.0.0, Culture=neutral, PublicKeyToken=31bf3856ad364e35" was chosen because it was primary and "WindowsBase, Version=5.0.0.0, Culture=neutral, PublicKeyToken=31bf3856ad364e35" was not. [C:\Users\bartt\.gemini\antigravity\scratch\MCTwinStudio\MCTwinStudio.csproj]
C:\Program Files\dotnet\sdk\9.0.309\Microsoft.Common.CurrentVersion.targets(2433,5): warning MSB3277:     References which depend on "WindowsBase, Version=4.0.0.0, Culture=neutral, PublicKeyToken=31bf3856ad364e35" [C:\Program Files\dotnet\packs\Microsoft.NETCore.App.Ref\9.0.12\ref\net9.0\WindowsBase.dll]. [C:\Users\bartt\.gemini\antigravity\scratch\MCTwinStudio\MCTwinStudio.csproj]
C:\Program Files\dotnet\sdk\9.0.309\Microsoft.Common.CurrentVersion.targets(2433,5): warning MSB3277:         C:\Program Files\dotnet\packs\Microsoft.NETCore.App.Ref\9.0.12\ref\net9.0\WindowsBase.dll [C:\Users\bartt\.gemini\antigravity\scratch\MCTwinStudio\MCTwinStudio.csproj]
C:\Program Files\dotnet\sdk\9.0.309\Microsoft.Common.CurrentVersion.targets(2433,5): warning MSB3277:           Project file item includes which caused reference "C:\Program Files\dotnet\packs\Microsoft.NETCore.App.Ref\9.0.12\ref\net9.0\WindowsBase.dll". [C:\Users\bartt\.gemini\antigravity\scratch\MCTwinStudio\MCTwinStudio.csproj]
C:\Program Files\dotnet\sdk\9.0.309\Microsoft.Common.CurrentVersion.targets(2433,5): warning MSB3277:             C:\Program Files\dotnet\packs\Microsoft.NETCore.App.Ref\9.0.12\ref/net9.0/WindowsBase.dll [C:\Users\bartt\.gemini\antigravity\scratch\MCTwinStudio\MCTwinStudio.csproj]
C:\Program Files\dotnet\sdk\9.0.309\Microsoft.Common.CurrentVersion.targets(2433,5): warning MSB3277:     References which depend on or have been unified to "WindowsBase, Version=5.0.0.0, Culture=neutral, PublicKeyToken=31bf3856ad364e35" []. [C:\Users\bartt\.gemini\antigravity\scratch\MCTwinStudio\MCTwinStudio.csproj]
C:\Program Files\dotnet\sdk\9.0.309\Microsoft.Common.CurrentVersion.targets(2433,5): warning MSB3277:         C:\Users\bartt\.nuget\packages\microsoft.web.webview2\1.0.3650.58\lib_manual\net5.0-windows10.0.17763.0\Microsoft.Web.WebView2.Wpf.dll [C:\Users\bartt\.gemini\antigravity\scratch\MCTwinStudio\MCTwinStudio.csproj]
C:\Program Files\dotnet\sdk\9.0.309\Microsoft.Common.CurrentVersion.targets(2433,5): warning MSB3277:           Project file item includes which caused reference "C:\Users\bartt\.nuget\packages\microsoft.web.webview2\1.0.3650.58\lib_manual\net5.0-windows10.0.17763.0\Microsoft.Web.WebView2.Wpf.dll". [C:\Users\bartt\.gemini\antigravity\scratch\MCTwinStudio\MCTwinStudio.csproj]
C:\Program Files\dotnet\sdk\9.0.309\Microsoft.Common.CurrentVersion.targets(2433,5): warning MSB3277:             C:\Users\bartt\.nuget\packages\microsoft.web.webview2\1.0.3650.58\buildTransitive\..\\lib_manual\net5.0-windows10.0.17763.0\Microsoft.Web.WebView2.Wpf.dll [C:\Users\bartt\.gemini\antigravity\scratch\MCTwinStudio\MCTwinStudio.csproj]
  CityBuilder -> C:\Users\bartt\.gemini\antigravity\scratch\MCTwinStudio\CityBuilder\bin\Debug\net9.0\CityBuilder.dll
  CityBuilder (Blazor output) -> C:\Users\bartt\.gemini\antigravity\scratch\MCTwinStudio\CityBuilder\bin\Debug\net9.0\wwwroot
  SalesPOS -> C:\Users\bartt\.gemini\antigravity\scratch\MCTwinStudio\SalesProcessingTwin\SalesPOS\bin\Debug\net9.0\SalesPOS.dll
  InventoryClient -> C:\Users\bartt\.gemini\antigravity\scratch\MCTwinStudio\InventoryTwin\InventoryClient\bin\Debug\net9.0\InventoryClient.dll
  SalesPOS (Blazor output) -> C:\Users\bartt\.gemini\antigravity\scratch\MCTwinStudio\SalesProcessingTwin\SalesPOS\bin\Debug\net9.0\wwwroot
  InventoryClient (Blazor output) -> C:\Users\bartt\.gemini\antigravity\scratch\MCTwinStudio\InventoryTwin\InventoryClient\bin\Debug\net9.0\wwwroot
  HothSimulator -> C:\Users\bartt\.gemini\antigravity\scratch\MCTwinStudio\HothSimulator\bin\Debug\net9.0\HothSimulator.dll
  HothSimulator (Blazor output) -> C:\Users\bartt\.gemini\antigravity\scratch\MCTwinStudio\HothSimulator\bin\Debug\net9.0\wwwroot
  StarWarsSimulator -> C:\Users\bartt\.gemini\antigravity\scratch\MCTwinStudio\StarWarsSimulator\bin\Debug\net9.0\StarWarsSimulator.dll
  StarWarsSimulator (Blazor output) -> C:\Users\bartt\.gemini\antigravity\scratch\MCTwinStudio\StarWarsSimulator\bin\Debug\net9.0\wwwroot
  DungeonCrawler -> C:\Users\bartt\.gemini\antigravity\scratch\MCTwinStudio\DungeonCrawler\bin\Debug\net9.0\DungeonCrawler.dll
  DungeonCrawler (Blazor output) -> C:\Users\bartt\.gemini\antigravity\scratch\MCTwinStudio\DungeonCrawler\bin\Debug\net9.0\wwwroot
  DaytonaSimulator -> C:\Users\bartt\.gemini\antigravity\scratch\MCTwinStudio\DaytonaSimulator\bin\Debug\net9.0\DaytonaSimulator.dll
  DaytonaSimulator (Blazor output) -> C:\Users\bartt\.gemini\antigravity\scratch\MCTwinStudio\DaytonaSimulator\bin\Debug\net9.0\wwwroot
  CantinaSimulator -> C:\Users\bartt\.gemini\antigravity\scratch\MCTwinStudio\CantinaSimulator\bin\Debug\net9.0\CantinaSimulator.dll
  CantinaSimulator (Blazor output) -> C:\Users\bartt\.gemini\antigravity\scratch\MCTwinStudio\CantinaSimulator\bin\Debug\net9.0\wwwroot
C:\Users\bartt\.gemini\antigravity\scratch\MCTwinStudio\obj\Debug\net9.0-windows\.NETCoreApp,Version=v9.0.AssemblyAttributes.cs(4,12): error CS0579: Duplicate 'global::System.Runtime.Versioning.TargetFrameworkAttribute' attribute [C:\Users\bartt\.gemini\antigravity\scratch\MCTwinStudio\MCTwinStudio.csproj]
C:\Users\bartt\.gemini\antigravity\scratch\MCTwinStudio\obj\Debug\net9.0-windows\MCTwinStudio.AssemblyInfo.cs(14,12): error CS0579: Duplicate 'System.Reflection.AssemblyCompanyAttribute' attribute [C:\Users\bartt\.gemini\antigravity\scratch\MCTwinStudio\MCTwinStudio.csproj]
C:\Users\bartt\.gemini\antigravity\scratch\MCTwinStudio\obj\Debug\net9.0-windows\MCTwinStudio.AssemblyInfo.cs(15,12): error CS0579: Duplicate 'System.Reflection.AssemblyConfigurationAttribute' attribute [C:\Users\bartt\.gemini\antigravity\scratch\MCTwinStudio\MCTwinStudio.csproj]
C:\Users\bartt\.gemini\antigravity\scratch\MCTwinStudio\obj\Debug\net9.0-windows\MCTwinStudio.AssemblyInfo.cs(16,12): error CS0579: Duplicate 'System.Reflection.AssemblyFileVersionAttribute' attribute [C:\Users\bartt\.gemini\antigravity\scratch\MCTwinStudio\MCTwinStudio.csproj]
C:\Users\bartt\.gemini\antigravity\scratch\MCTwinStudio\obj\Debug\net9.0-windows\MCTwinStudio.AssemblyInfo.cs(17,12): error CS0579: Duplicate 'System.Reflection.AssemblyInformationalVersionAttribute' attribute [C:\Users\bartt\.gemini\antigravity\scratch\MCTwinStudio\MCTwinStudio.csproj]
C:\Users\bartt\.gemini\antigravity\scratch\MCTwinStudio\obj\Debug\net9.0-windows\MCTwinStudio.AssemblyInfo.cs(18,12): error CS0579: Duplicate 'System.Reflection.AssemblyProductAttribute' attribute [C:\Users\bartt\.gemini\antigravity\scratch\MCTwinStudio\MCTwinStudio.csproj]
C:\Users\bartt\.gemini\antigravity\scratch\MCTwinStudio\obj\Debug\net9.0-windows\MCTwinStudio.AssemblyInfo.cs(19,12): error CS0579: Duplicate 'System.Reflection.AssemblyTitleAttribute' attribute [C:\Users\bartt\.gemini\antigravity\scratch\MCTwinStudio\MCTwinStudio.csproj]
C:\Users\bartt\.gemini\antigravity\scratch\MCTwinStudio\obj\Debug\net9.0-windows\MCTwinStudio.AssemblyInfo.cs(20,12): error CS0579: Duplicate 'System.Reflection.AssemblyVersionAttribute' attribute [C:\Users\bartt\.gemini\antigravity\scratch\MCTwinStudio\MCTwinStudio.csproj]
C:\Users\bartt\.gemini\antigravity\scratch\MCTwinStudio\DaytonaSimulator\obj\Debug\net9.0\DaytonaSimulator.GlobalUsings.g.cs(2,32): error CS0234: The type or namespace name 'Extensions' does not exist in the namespace 'Microsoft' (are you missing an assembly reference?) [C:\Users\bartt\.gemini\antigravity\scratch\MCTwinStudio\MCTwinStudio.csproj]
C:\Users\bartt\.gemini\antigravity\scratch\MCTwinStudio\DaytonaSimulator\obj\Debug\net9.0\DaytonaSimulator.GlobalUsings.g.cs(3,32): error CS0234: The type or namespace name 'Extensions' does not exist in the namespace 'Microsoft' (are you missing an assembly reference?) [C:\Users\bartt\.gemini\antigravity\scratch\MCTwinStudio\MCTwinStudio.csproj]
C:\Users\bartt\.gemini\antigravity\scratch\MCTwinStudio\DaytonaSimulator\obj\Debug\net9.0\DaytonaSimulator.GlobalUsings.g.cs(4,32): error CS0234: The type or namespace name 'Extensions' does not exist in the namespace 'Microsoft' (are you missing an assembly reference?) [C:\Users\bartt\.gemini\antigravity\scratch\MCTwinStudio\MCTwinStudio.csproj]
C:\Users\bartt\.gemini\antigravity\scratch\MCTwinStudio\DaytonaSimulator\Program.cs(1,17): error CS0234: The type or namespace name 'AspNetCore' does not exist in the namespace 'Microsoft' (are you missing an assembly reference?) [C:\Users\bartt\.gemini\antigravity\scratch\MCTwinStudio\MCTwinStudio.csproj]
C:\Users\bartt\.gemini\antigravity\scratch\MCTwinStudio\DaytonaSimulator\Program.cs(2,17): error CS0234: The type or namespace name 'AspNetCore' does not exist in the namespace 'Microsoft' (are you missing an assembly reference?) [C:\Users\bartt\.gemini\antigravity\scratch\MCTwinStudio\MCTwinStudio.csproj]
C:\Users\bartt\.gemini\antigravity\scratch\MCTwinStudio\DaytonaSimulator\Program.cs(3,7): error CS0246: The type or namespace name 'DaytonaSimulator' could not be found (are you missing a using directive or an assembly reference?) [C:\Users\bartt\.gemini\antigravity\scratch\MCTwinStudio\MCTwinStudio.csproj]
  MCTwin.Web -> C:\Users\bartt\.gemini\antigravity\scratch\MCTwinStudio\MCTwin.Web\bin\Debug\net9.0\MCTwin.Web.dll
  MCTwin.Web (Blazor output) -> C:\Users\bartt\.gemini\antigravity\scratch\MCTwinStudio\MCTwin.Web\bin\Debug\net9.0\wwwroot
  SalesClient -> C:\Users\bartt\.gemini\antigravity\scratch\MCTwinStudio\SalesProcessingTwin\SalesClient\bin\Debug\net9.0\SalesClient.dll
  SalesClient (Blazor output) -> C:\Users\bartt\.gemini\antigravity\scratch\MCTwinStudio\SalesProcessingTwin\SalesClient\bin\Debug\net9.0\wwwroot

Build FAILED.

C:\Program Files\dotnet\sdk\9.0.309\Microsoft.Common.CurrentVersion.targets(2433,5): warning MSB3277: Found conflicts between different versions of "WindowsBase" that could not be resolved. [C:\Users\bartt\.gemini\antigravity\scratch\MCTwinStudio\MCTwin.Engine.WinForms\MCTwin.Engine.WinForms.csproj]
C:\Program Files\dotnet\sdk\9.0.309\Microsoft.Common.CurrentVersion.targets(2433,5): warning MSB3277: There was a conflict between "WindowsBase, Version=4.0.0.0, Culture=neutral, PublicKeyToken=31bf3856ad364e35" and "WindowsBase, Version=5.0.0.0, Culture=neutral, PublicKeyToken=31bf3856ad364e35". [C:\Users\bartt\.gemini\antigravity\scratch\MCTwinStudio\MCTwin.Engine.WinForms\MCTwin.Engine.WinForms.csproj]
C:\Program Files\dotnet\sdk\9.0.309\Microsoft.Common.CurrentVersion.targets(2433,5): warning MSB3277:     "WindowsBase, Version=4.0.0.0, Culture=neutral, PublicKeyToken=31bf3856ad364e35" was chosen because it was primary and "WindowsBase, Version=5.0.0.0, Culture=neutral, PublicKeyToken=31bf3856ad364e35" was not. [C:\Users\bartt\.gemini\antigravity\scratch\MCTwinStudio\MCTwin.Engine.WinForms\MCTwin.Engine.WinForms.csproj]
C:\Program Files\dotnet\sdk\9.0.309\Microsoft.Common.CurrentVersion.targets(2433,5): warning MSB3277:     References which depend on "WindowsBase, Version=4.0.0.0, Culture=neutral, PublicKeyToken=31bf3856ad364e35" [C:\Program Files\dotnet\packs\Microsoft.NETCore.App.Ref\9.0.12\ref\net9.0\WindowsBase.dll]. [C:\Users\bartt\.gemini\antigravity\scratch\MCTwinStudio\MCTwin.Engine.WinForms\MCTwin.Engine.WinForms.csproj]
C:\Program Files\dotnet\sdk\9.0.309\Microsoft.Common.CurrentVersion.targets(2433,5): warning MSB3277:         C:\Program Files\dotnet\packs\Microsoft.NETCore.App.Ref\9.0.12\ref\net9.0\WindowsBase.dll [C:\Users\bartt\.gemini\antigravity\scratch\MCTwinStudio\MCTwin.Engine.WinForms\MCTwin.Engine.WinForms.csproj]
C:\Program Files\dotnet\sdk\9.0.309\Microsoft.Common.CurrentVersion.targets(2433,5): warning MSB3277:           Project file item includes which caused reference "C:\Program Files\dotnet\packs\Microsoft.NETCore.App.Ref\9.0.12\ref\net9.0\WindowsBase.dll". [C:\Users\bartt\.gemini\antigravity\scratch\MCTwinStudio\MCTwin.Engine.WinForms\MCTwin.Engine.WinForms.csproj]
C:\Program Files\dotnet\sdk\9.0.309\Microsoft.Common.CurrentVersion.targets(2433,5): warning MSB3277:             C:\Program Files\dotnet\packs\Microsoft.NETCore.App.Ref\9.0.12\ref/net9.0/WindowsBase.dll [C:\Users\bartt\.gemini\antigravity\scratch\MCTwinStudio\MCTwin.Engine.WinForms\MCTwin.Engine.WinForms.csproj]
C:\Program Files\dotnet\sdk\9.0.309\Microsoft.Common.CurrentVersion.targets(2433,5): warning MSB3277:     References which depend on or have been unified to "WindowsBase, Version=5.0.0.0, Culture=neutral, PublicKeyToken=31bf3856ad364e35" []. [C:\Users\bartt\.gemini\antigravity\scratch\MCTwinStudio\MCTwin.Engine.WinForms\MCTwin.Engine.WinForms.csproj]
C:\Program Files\dotnet\sdk\9.0.309\Microsoft.Common.CurrentVersion.targets(2433,5): warning MSB3277:         C:\Users\bartt\.nuget\packages\microsoft.web.webview2\1.0.3650.58\lib_manual\net5.0-windows10.0.17763.0\Microsoft.Web.WebView2.Wpf.dll [C:\Users\bartt\.gemini\antigravity\scratch\MCTwinStudio\MCTwin.Engine.WinForms\MCTwin.Engine.WinForms.csproj]
C:\Program Files\dotnet\sdk\9.0.309\Microsoft.Common.CurrentVersion.targets(2433,5): warning MSB3277:           Project file item includes which caused reference "C:\Users\bartt\.nuget\packages\microsoft.web.webview2\1.0.3650.58\lib_manual\net5.0-windows10.0.17763.0\Microsoft.Web.WebView2.Wpf.dll". [C:\Users\bartt\.gemini\antigravity\scratch\MCTwinStudio\MCTwin.Engine.WinForms\MCTwin.Engine.WinForms.csproj]
C:\Program Files\dotnet\sdk\9.0.309\Microsoft.Common.CurrentVersion.targets(2433,5): warning MSB3277:             C:\Users\bartt\.nuget\packages\microsoft.web.webview2\1.0.3650.58\buildTransitive\..\\lib_manual\net5.0-windows10.0.17763.0\Microsoft.Web.WebView2.Wpf.dll [C:\Users\bartt\.gemini\antigravity\scratch\MCTwinStudio\MCTwin.Engine.WinForms\MCTwin.Engine.WinForms.csproj]
C:\Program Files\dotnet\sdk\9.0.309\Microsoft.Common.CurrentVersion.targets(2433,5): warning MSB3277: Found conflicts between different versions of "WindowsBase" that could not be resolved. [C:\Users\bartt\.gemini\antigravity\scratch\MCTwinStudio\MCTwinStudio.csproj]
C:\Program Files\dotnet\sdk\9.0.309\Microsoft.Common.CurrentVersion.targets(2433,5): warning MSB3277: There was a conflict between "WindowsBase, Version=4.0.0.0, Culture=neutral, PublicKeyToken=31bf3856ad364e35" and "WindowsBase, Version=5.0.0.0, Culture=neutral, PublicKeyToken=31bf3856ad364e35". [C:\Users\bartt\.gemini\antigravity\scratch\MCTwinStudio\MCTwinStudio.csproj]
C:\Program Files\dotnet\sdk\9.0.309\Microsoft.Common.CurrentVersion.targets(2433,5): warning MSB3277:     "WindowsBase, Version=4.0.0.0, Culture=neutral, PublicKeyToken=31bf3856ad364e35" was chosen because it was primary and "WindowsBase, Version=5.0.0.0, Culture=neutral, PublicKeyToken=31bf3856ad364e35" was not. [C:\Users\bartt\.gemini\antigravity\scratch\MCTwinStudio\MCTwinStudio.csproj]
C:\Program Files\dotnet\sdk\9.0.309\Microsoft.Common.CurrentVersion.targets(2433,5): warning MSB3277:     References which depend on "WindowsBase, Version=4.0.0.0, Culture=neutral, PublicKeyToken=31bf3856ad364e35" [C:\Program Files\dotnet\packs\Microsoft.NETCore.App.Ref\9.0.12\ref\net9.0\WindowsBase.dll]. [C:\Users\bartt\.gemini\antigravity\scratch\MCTwinStudio\MCTwinStudio.csproj]
C:\Program Files\dotnet\sdk\9.0.309\Microsoft.Common.CurrentVersion.targets(2433,5): warning MSB3277:         C:\Program Files\dotnet\packs\Microsoft.NETCore.App.Ref\9.0.12\ref\net9.0\WindowsBase.dll [C:\Users\bartt\.gemini\antigravity\scratch\MCTwinStudio\MCTwinStudio.csproj]
C:\Program Files\dotnet\sdk\9.0.309\Microsoft.Common.CurrentVersion.targets(2433,5): warning MSB3277:           Project file item includes which caused reference "C:\Program Files\dotnet\packs\Microsoft.NETCore.App.Ref\9.0.12\ref\net9.0\WindowsBase.dll". [C:\Users\bartt\.gemini\antigravity\scratch\MCTwinStudio\MCTwinStudio.csproj]
C:\Program Files\dotnet\sdk\9.0.309\Microsoft.Common.CurrentVersion.targets(2433,5): warning MSB3277:             C:\Program Files\dotnet\packs\Microsoft.NETCore.App.Ref\9.0.12\ref/net9.0/WindowsBase.dll [C:\Users\bartt\.gemini\antigravity\scratch\MCTwinStudio\MCTwinStudio.csproj]
C:\Program Files\dotnet\sdk\9.0.309\Microsoft.Common.CurrentVersion.targets(2433,5): warning MSB3277:     References which depend on or have been unified to "WindowsBase, Version=5.0.0.0, Culture=neutral, PublicKeyToken=31bf3856ad364e35" []. [C:\Users\bartt\.gemini\antigravity\scratch\MCTwinStudio\MCTwinStudio.csproj]
C:\Program Files\dotnet\sdk\9.0.309\Microsoft.Common.CurrentVersion.targets(2433,5): warning MSB3277:         C:\Users\bartt\.nuget\packages\microsoft.web.webview2\1.0.3650.58\lib_manual\net5.0-windows10.0.17763.0\Microsoft.Web.WebView2.Wpf.dll [C:\Users\bartt\.gemini\antigravity\scratch\MCTwinStudio\MCTwinStudio.csproj]
C:\Program Files\dotnet\sdk\9.0.309\Microsoft.Common.CurrentVersion.targets(2433,5): warning MSB3277:           Project file item includes which caused reference "C:\Users\bartt\.nuget\packages\microsoft.web.webview2\1.0.3650.58\lib_manual\net5.0-windows10.0.17763.0\Microsoft.Web.WebView2.Wpf.dll". [C:\Users\bartt\.gemini\antigravity\scratch\MCTwinStudio\MCTwinStudio.csproj]
C:\Program Files\dotnet\sdk\9.0.309\Microsoft.Common.CurrentVersion.targets(2433,5): warning MSB3277:             C:\Users\bartt\.nuget\packages\microsoft.web.webview2\1.0.3650.58\buildTransitive\..\\lib_manual\net5.0-windows10.0.17763.0\Microsoft.Web.WebView2.Wpf.dll [C:\Users\bartt\.gemini\antigravity\scratch\MCTwinStudio\MCTwinStudio.csproj]
C:\Users\bartt\.gemini\antigravity\scratch\MCTwinStudio\obj\Debug\net9.0-windows\.NETCoreApp,Version=v9.0.AssemblyAttributes.cs(4,12): error CS0579: Duplicate 'global::System.Runtime.Versioning.TargetFrameworkAttribute' attribute [C:\Users\bartt\.gemini\antigravity\scratch\MCTwinStudio\MCTwinStudio.csproj]
C:\Users\bartt\.gemini\antigravity\scratch\MCTwinStudio\obj\Debug\net9.0-windows\MCTwinStudio.AssemblyInfo.cs(14,12): error CS0579: Duplicate 'System.Reflection.AssemblyCompanyAttribute' attribute [C:\Users\bartt\.gemini\antigravity\scratch\MCTwinStudio\MCTwinStudio.csproj]
C:\Users\bartt\.gemini\antigravity\scratch\MCTwinStudio\obj\Debug\net9.0-windows\MCTwinStudio.AssemblyInfo.cs(15,12): error CS0579: Duplicate 'System.Reflection.AssemblyConfigurationAttribute' attribute [C:\Users\bartt\.gemini\antigravity\scratch\MCTwinStudio\MCTwinStudio.csproj]
C:\Users\bartt\.gemini\antigravity\scratch\MCTwinStudio\obj\Debug\net9.0-windows\MCTwinStudio.AssemblyInfo.cs(16,12): error CS0579: Duplicate 'System.Reflection.AssemblyFileVersionAttribute' attribute [C:\Users\bartt\.gemini\antigravity\scratch\MCTwinStudio\MCTwinStudio.csproj]
C:\Users\bartt\.gemini\antigravity\scratch\MCTwinStudio\obj\Debug\net9.0-windows\MCTwinStudio.AssemblyInfo.cs(17,12): error CS0579: Duplicate 'System.Reflection.AssemblyInformationalVersionAttribute' attribute [C:\Users\bartt\.gemini\antigravity\scratch\MCTwinStudio\MCTwinStudio.csproj]
C:\Users\bartt\.gemini\antigravity\scratch\MCTwinStudio\obj\Debug\net9.0-windows\MCTwinStudio.AssemblyInfo.cs(18,12): error CS0579: Duplicate 'System.Reflection.AssemblyProductAttribute' attribute [C:\Users\bartt\.gemini\antigravity\scratch\MCTwinStudio\MCTwinStudio.csproj]
C:\Users\bartt\.gemini\antigravity\scratch\MCTwinStudio\obj\Debug\net9.0-windows\MCTwinStudio.AssemblyInfo.cs(19,12): error CS0579: Duplicate 'System.Reflection.AssemblyTitleAttribute' attribute [C:\Users\bartt\.gemini\antigravity\scratch\MCTwinStudio\MCTwinStudio.csproj]
C:\Users\bartt\.gemini\antigravity\scratch\MCTwinStudio\obj\Debug\net9.0-windows\MCTwinStudio.AssemblyInfo.cs(20,12): error CS0579: Duplicate 'System.Reflection.AssemblyVersionAttribute' attribute [C:\Users\bartt\.gemini\antigravity\scratch\MCTwinStudio\MCTwinStudio.csproj]
C:\Users\bartt\.gemini\antigravity\scratch\MCTwinStudio\DaytonaSimulator\obj\Debug\net9.0\DaytonaSimulator.GlobalUsings.g.cs(2,32): error CS0234: The type or namespace name 'Extensions' does not exist in the namespace 'Microsoft' (are you missing an assembly reference?) [C:\Users\bartt\.gemini\antigravity\scratch\MCTwinStudio\MCTwinStudio.csproj]
C:\Users\bartt\.gemini\antigravity\scratch\MCTwinStudio\DaytonaSimulator\obj\Debug\net9.0\DaytonaSimulator.GlobalUsings.g.cs(3,32): error CS0234: The type or namespace name 'Extensions' does not exist in the namespace 'Microsoft' (are you missing an assembly reference?) [C:\Users\bartt\.gemini\antigravity\scratch\MCTwinStudio\MCTwinStudio.csproj]
C:\Users\bartt\.gemini\antigravity\scratch\MCTwinStudio\DaytonaSimulator\obj\Debug\net9.0\DaytonaSimulator.GlobalUsings.g.cs(4,32): error CS0234: The type or namespace name 'Extensions' does not exist in the namespace 'Microsoft' (are you missing an assembly reference?) [C:\Users\bartt\.gemini\antigravity\scratch\MCTwinStudio\MCTwinStudio.csproj]
C:\Users\bartt\.gemini\antigravity\scratch\MCTwinStudio\DaytonaSimulator\Program.cs(1,17): error CS0234: The type or namespace name 'AspNetCore' does not exist in the namespace 'Microsoft' (are you missing an assembly reference?) [C:\Users\bartt\.gemini\antigravity\scratch\MCTwinStudio\MCTwinStudio.csproj]
C:\Users\bartt\.gemini\antigravity\scratch\MCTwinStudio\DaytonaSimulator\Program.cs(2,17): error CS0234: The type or namespace name 'AspNetCore' does not exist in the namespace 'Microsoft' (are you missing an assembly reference?) [C:\Users\bartt\.gemini\antigravity\scratch\MCTwinStudio\MCTwinStudio.csproj]
C:\Users\bartt\.gemini\antigravity\scratch\MCTwinStudio\DaytonaSimulator\Program.cs(3,7): error CS0246: The type or namespace name 'DaytonaSimulator' could not be found (are you missing a using directive or an assembly reference?) [C:\Users\bartt\.gemini\antigravity\scratch\MCTwinStudio\MCTwinStudio.csproj]
    2 Warning(s)
    14 Error(s)

Time Elapsed 00:00:02.48

Workload updates are available. Run `dotnet workload list` for more information.
